INFO:     Started server process [4088]
INFO:     Waiting for application startup.
INFO:     Application startup complete.
ERROR:    [Errno 98] error while attempting to bind on address ('127.0.0.1', 8000): address already in use
INFO:     Waiting for application shutdown.
INFO:     Application shutdown complete.
